1, 1, 2019, 1, 80000, 1, 101, 1001
2, 2, 2020, 1, 40000, 1, 101, 1001
3, 3, 2018, 2, 20000, 2, 102, 1002
4, 3, 2017, 2, 25000, 2, 102, 1002
5, 1, 2019, 3, 18000, 3, 103, 1003